#-----------------------------------------------------------
# Vivado v2023.2 (64-bit)
# SW Build 4029153 on Fri Oct 13 20:14:34 MDT 2023
# IP Build 4028589 on Sat Oct 14 00:45:43 MDT 2023
# SharedData Build 4025554 on Tue Oct 10 17:18:54 MDT 2023
# Start of session at: Tue Aug  5 18:29:01 2025
# Process ID: 18740
# Current directory: C:/Project/STRAIT/BISR
# Command line: vivado.exe -gui_launcher_event rodinguilauncherevent15148 C:\Project\STRAIT\BISR\BISR.xpr
# Log file: C:/Project/STRAIT/BISR/vivado.log
# Journal file: C:/Project/STRAIT/BISR\vivado.jou
# Running On: Innis, OS: Windows, CPU Frequency: 2419 MHz, CPU Physical cores: 4, Host memory: 16873 MB
#-----------------------------------------------------------
start_gui
open_project C:/Project/STRAIT/BISR/BISR.xpr
update_compile_order -fileset sources_1
launch_simulation
launch_simulation
launch_simulation
open_wave_config C:/Project/STRAIT/BISR/tb_bisr_weight_allocation_behav.wcfg
source tb_bisr_weight_allocation.tcl
relaunch_sim
close_sim
